﻿
> nursing-college@0.0.0 build
> ng build

[33mΓ¥»[39m Building...
node.exe : 
D:\neeraliDigital\nursing col
lage\node_modules\tailwindcss
\dist\lib.js:38
At C:\Program 
Files\nodejs\npm.ps1:29 
char:3
+   & $NODE_EXE $NPM_CLI_JS 
$args
+   
~~~~~~~~~~~~~~~~~~~~~~~~~~~~~
    + CategoryInfo           
   : NotSpecified: (D:\neer  
  aliDigit...\dist\lib.js:   
 38:String) [], RemoteExc    
eption
    + FullyQualifiedErrorId  
   : NativeCommandError
 
${P}`)}}))u.get(b)?.(A);for(l
et b of m)b(A);if(d){let 
b=[];for(let[N,P]of A.theme.e
ntries()){if(P.options&2)cont
inue;let z=l(Ae(N),P.value);z
.src=P.src,b.push(z)}let K=A.
theme.getKeyframes();for(let 
N of K)e.push(de({theme:!0},[
W([N])]));d.nodes=[de({theme:
!0},b)]}if(a|=ot(e,A),a|=Fe(e
,A),a|=Te(e,A),p){let b=p;b.k
ind="context",b.context={}}re
turn _(e,b=>{if(b.kind==="at-
rule")return b.name==="@utili
ty"?R.Replace([]):R.Skip}),{d
esignSystem:A,ast:e,sources:h
,root:S,utilitiesNode:p,featu
res:a,inlineCandidates:w}}asy
nc function dn(e,r={}){let{de
signSystem:i,ast:t,sources:n,
root:a,utilitiesNode:o,featur
es:f,inlineCandidates:u}=awai
t pn(e,r);t.unshift(dt(`! 
tailwindcss v${gr} | MIT 
License | 
https://tailwindcss.com 
`));function c(h){i.invalidCa
ndidates.add(h)}let m=new 
Set,d=null,p=0,k=!1;for(let 
h of u)i.invalidCandidates.ha
s(h)||(m.add(h),k=!0);return{
sources:n,root:a,features:f,b
uild(h){if(f===0)return 
e;if(!o)return d??=Re(t,i,r.p
olyfills),d;let 
w=k,x=!1;k=!1;let 
S=m.size;for(let b of h)if(!i
.invalidCandidates.has(b))if(
b[0]==="-"&&b[1]==="-"){let K
=i.theme.markUsedVariable(b);
w||=K,x||=K}else m.add(b),w||
=m.size!==S;if(!w)return d??=
Re(t,i,r.polyfills),d;let A=E
e(m,i,{onInvalidCandidate:c})
.astNodes;return r.from&&_(A,
b=>{b.src??=o.src}),!x&&p===A
.length?(d??=Re(t,i,r.polyfil
ls),d):(p=A.length,o.nodes=A,
d=Re(t,i,r.polyfills),d)}}}as
ync function ta(e,r={}){let i
=Ve(e,{from:r.from}),t=await 
dn(i,r),n=i,a=e;return{...t,b
uild(o){let 
f=t.build(o);return f===n||(a
=ne(f,!!r.from),n=f),a},build
SourceMap(){return 
un({ast:n})}}}async function 
ra(e,r={}){return(await pn(Ve
(e,{from:r.from}),r)).designS
ystem}function at(){throw 
new Error("It looks like 
you're trying to use 
`tailwindcss` directly as a 
PostCSS plugin. The PostCSS 
plugin has moved to a 
separate package, so to 
continue using Tailwind CSS 
with PostCSS you'll need to 
install 
`@tailwindcss/postcss` and 
update your PostCSS 
configuration.")}for(let e 
in Ut)e!=="default"&&(at[e]=U
t[e]);module.exports=at;
                             
                             
                             
                             
                             
                             
                             
                             
                             
                             
                             
                             
                             
                             
                             
                             
                             
                             
                             
                             
                             
                             
                             
                             
                             
                             
                             
                             
                             
                             
                             
                             
                             
                             
                             
     

Error: It looks like you're 
trying to use `tailwindcss` 
directly as a PostCSS 
plugin. The PostCSS plugin 
has moved to a separate 
package, so to continue 
using Tailwind CSS with 
PostCSS you'll need to 
install 
`@tailwindcss/postcss` and 
update your PostCSS 
configuration.
    at Object.at [as 
default] 
(D:\neeraliDigital\nursing co
llage\node_modules\tailwindcs
s\dist\lib.js:38:1643)
    at StylesheetPluginFactor
y.initPostcss 
(D:\neeraliDigital\nursing co
llage\node_modules\@angular\b
uild\src\tools\esbuild\styles
heets\stylesheet-plugin-facto
ry.js:173:66)

Node.js v22.12.0
